// Jest Snapshot v1, https://goo.gl/fbAQLP

exports[`Header should render correctly 1`] = `
<div>
  <HeaderButton
    btnFunction={[Function]}
    dataStore={
      Object {
        "palette": Object {},
      }
    }
    fontAwesomeIcon="fas fa-bars"
  />
  <h1>
    Palette Town
  </h1>
  <h1>
    PT
  </h1>
  <HeaderButton
    btnFunction={[Function]}
    dataStore={
      Object {
        "palette": Object {},
      }
    }
    fontAwesomeIcon="fas fa-arrow-right"
  />
  <HeaderButton
    btnFunction={[Function]}
    dataStore={
      Object {
        "palette": Object {},
      }
    }
    fontAwesomeIcon="fas fa-plus"
  />
  <HeaderButton
    btnFunction={[Function]}
    dataStore={
      Object {
        "palette": Object {},
      }
    }
    fontAwesomeIcon="fas fa-exchange-alt"
  />
  <HeaderButton
    btnFunction={[Function]}
    dataStore={
      Object {
        "palette": Object {},
      }
    }
    fontAwesomeIcon="fas fa-random"
  />
  <HeaderButton
    btnFunction={[Function]}
    dataStore={
      Object {
        "palette": Object {},
      }
    }
    fontAwesomeIcon="far fa-heart"
  />
  <HeaderButton
    btnFunction={[Function]}
    dataStore={
      Object {
        "palette": Object {},
      }
    }
    fontAwesomeIcon="fas fa-download"
  />
</div>
`;
