// Jest Snapshot v1, https://goo.gl/fbAQLP

exports[`Header should render correctly 1`] = `
<div>
  <HeaderButton
    btnFunction={[Function]}
    dataStore={
      Object {
        "palette": Object {},
      }
    }
    iconName="menu"
  />
  <h1>
    Palette Town
  </h1>
  <h1>
    PT
  </h1>
  <HeaderButton
    btnFunction={[Function]}
    dataStore={
      Object {
        "palette": Object {},
      }
    }
    iconName="palette"
  />
  <HeaderButton
    btnFunction={[Function]}
    dataStore={
      Object {
        "palette": Object {},
      }
    }
    iconName="add"
  />
  <HeaderButton
    btnFunction={[Function]}
    dataStore={
      Object {
        "palette": Object {},
      }
    }
    iconName="compare_arrows"
  />
  <HeaderButton
    btnFunction={[Function]}
    dataStore={
      Object {
        "palette": Object {},
      }
    }
    iconName="shuffle"
  />
  <HeaderButton
    btnFunction={[Function]}
    dataStore={
      Object {
        "palette": Object {},
      }
    }
    iconName="favorite_border"
  />
  <HeaderButton
    btnFunction={[Function]}
    dataStore={
      Object {
        "palette": Object {},
      }
    }
    iconName="file_download"
  />
</div>
`;
